Microchip MPLAB XC8 Compiler V2.30

Linker command line:

-W-3 --edf=C:\Program Files\Microchip\xc8\v2.30\pic\dat\en_msgs.txt -cn \
  -h+dist/XC8_18F87K22/production\First_Test_Upload_version.X.production.sym \
  --cmf=dist/XC8_18F87K22/production\First_Test_Upload_version.X.production.cmf \
  -z -Q18F45K20 -oC:\Users\Charlie\AppData\Local\Temp\s1l8x2 \
  --defsym=__MPLAB_BUILD=1 \
  -Mdist/XC8_18F87K22/production/First_Test_Upload_version.X.production.map \
  -E1 -ver=XC8 Compiler --acfsm=1493 -ASTACK=060h-05FFh -pstack=STACK \
  -ACODE=00h-07FFFh -ACONST=00h-07FFFh -ASMALLCONST=0600h-06FFhx122 \
  -AMEDIUMCONST=0600h-07FFFh -ACOMRAM=01h-05Fh -AABS1=00h-05FFh \
  -ABIGRAM=01h-05FFh -ARAM=060h-0FFh,0100h-01FFhx5 -ABANK0=060h-0FFh \
  -ABANK1=0100h-01FFh -ABANK2=0200h-02FFh -ABANK3=0300h-03FFh \
  -ABANK4=0400h-04FFh -ABANK5=0500h-05FFh -ASFR=0F60h-0FFFh \
  -ACONFIG=0300000h-030000Dh -AIDLOC=0200000h-0200007h \
  -AEEDATA=0F00000h-0F000FFh -peeprom_data=EEDATA \
  -preset_vec=00h,intcode=08h,intcodelo=018h,powerup,init -pramtop=0600h \
  -psmallconst=SMALLCONST -pmediumconst=MEDIUMCONST -pconst=CONST \
  -AFARRAM=00h-00h \
  -prdata=COMRAM,nvrram=COMRAM,nvbit=COMRAM,rbss=COMRAM,rbit=COMRAM \
  -pfarbss=FARRAM,fardata=FARRAM,nvFARRAM=FARRAM \
  -pintsave_regs=BIGRAM,bigbss=BIGRAM,bigdata=BIGRAM -pbss=RAM \
  -pidata=CODE,irdata=CODE,ibigdata=CODE,ifardata=CODE -prparam=COMRAM \
  C:\Users\Charlie\AppData\Local\Temp\s1l8x8.o \
  dist/XC8_18F87K22/production\First_Test_Upload_version.X.production.o 

Object code version is 3.11

Machine type is 18F45K20



                Name                               Link     Load   Length Selector   Space Scale
C:\Users\Charlie\AppData\Local\Temp\s1l8x8.o
                idloc                            200000   200000        8        0       5
                config                           300000   300000        E        0       4
                init                                 26       26        4        C       0
                reset_vec                             0        0        4        0       0
dist/XC8_18F87K22/production\First_Test_Upload_version.X.production.o
                intcodelo                            18       18        E        C       0
                intcode                               8        8        6        4       0
                idloc                            200000   200000        8        0       5
                config                           300000   300000        E        0       4
                temp                                 11       11        1        1       1
                text8                               380      380       60        C       0
                text7                               3E0      3E0       5E        C       0
                text6                               320      320       60        C       0
                intcode_body                         2A       2A      158        C       0
                text3                               454      454        2        C       0
                text2                               254      254       6C        C       0
                text1                               2C0      2C0       60        C       0
                text0                               182      182       D2        C       0
                cstackCOMRAM                          1        1        A        1       1
                bssCOMRAM                             B        B        6        1       1
                cinit                               43E      43E       16        C       0

TOTAL           Name                               Link     Load   Length     Space
        CLASS   STACK          

        CLASS   CODE           
                intcodelo                            18       18        E         0
                intcode                               8        8        6         0
                init                                 26       26        4         0
                reset_vec                             0        0        4         0
                text8                               380      380       60         0
                text7                               3E0      3E0       5E         0
                text6                               320      320       60         0
                intcode_body                         2A       2A      158         0
                text3                               454      454        2         0
                text2                               254      254       6C         0
                text1                               2C0      2C0       60         0
                text0                               182      182       D2         0
                cinit                               43E      43E       16         0

        CLASS   CONST          

        CLASS   SMALLCONST     

        CLASS   MEDIUMCONST    

        CLASS   COMRAM         
                temp                                 11       11        1         1
                cstackCOMRAM                          1        1        A         1
                bssCOMRAM                             B        B        6         1

        CLASS   ABS1           

        CLASS   BIGRAM         

        CLASS   RAM            

        CLASS   BANK0          

        CLASS   BANK1          

        CLASS   BANK2          

        CLASS   BANK3          

        CLASS   BANK4          

        CLASS   BANK5          

        CLASS   SFR            

        CLASS   CONFIG         
                config                           300000   300000        E         4

        CLASS   IDLOC          
                idloc                            200000   200000        8         5

        CLASS   EEDATA         

        CLASS   FARRAM         



SEGMENTS        Name                           Load    Length   Top    Selector   Space  Class

                reset_vec                      000000  000004  000004         0       0  CODE    
                cstackCOMRAM                   000001  000011  000012         1       1  COMRAM  
                intcode                        000008  000006  00000E         4       0  CODE    
                intcodelo                      000018  00043E  000456         C       0  CODE    


UNUSED ADDRESS RANGES

        Name                Unused          Largest block    Delta
        BANK0            000060-0000FF               A0
        BANK1            000100-0001FF              100
        BANK2            000200-0002FF              100
        BANK3            000300-0003FF              100
        BANK4            000400-0004FF              100
        BANK5            000500-0005FF              100
        BIGRAM           000012-0005FF              5EE
        CODE             000004-000007                4
                         00000E-000017                A
                         000456-007FFF             7BAA
        COMRAM           000012-00005F               4E
        CONST            000004-000007                4
                         00000E-000017                A
                         000456-007FFF             7BAA
        EEDATA           F00000-F000FF              100
        MEDIUMCONST      000600-007FFF             7A00
        RAM              000060-0005FF              100
        SFR              000F60-000FFF               A0
        SMALLCONST       000600-007FFF              100
        STACK            000060-0005FF              5A0

                                  Symbol Table

_ANS10                         (abs)        007BFA
_ANS12                         (abs)        007BFC
_ANS8                          (abs)        007BF8
_BRG16                         (abs)        007DC3
_BRGH                          (abs)        007D62
_CREN                          (abs)        007D5C
_ConfigureOscillator           text3        000454
_GIE                           (abs)        007F97
_INT0IE                        (abs)        007F94
_INT0IF                        (abs)        007F91
_INT1IE                        (abs)        007F83
_INT1IF                        (abs)        007F80
_INT2IE                        (abs)        007F84
_INT2IF                        (abs)        007F81
_INTEDG0                       (abs)        007F8E
_INTEDG1                       (abs)        007F8D
_INTEDG2                       (abs)        007F8C
_IRCF0                         (abs)        007E9C
_IRCF1                         (abs)        007E9D
_IRCF2                         (abs)        007E9E
_InitApp                       text2        000254
_PEIE                          (abs)        007F96
_PORTAbits                     (abs)        000F80
_PORTBbits                     (abs)        000F81
_PORTCbits                     (abs)        000F82
_PORTDbits                     (abs)        000F83
_PSA                           (abs)        007EAB
_RCIE                          (abs)        007CED
_RCIF                          (abs)        007CF5
_RCREG                         (abs)        000FAE
_SPBRG                         (abs)        000FAF
_SPBRGH                        (abs)        000FB0
_SPEN                          (abs)        007D5F
_SYNC                          (abs)        007D64
_T08BIT                        (abs)        007EAE
_T0CS                          (abs)        007EAD
_T0PS0                         (abs)        007EA8
_T0PS1                         (abs)        007EA9
_T0PS2                         (abs)        007EAA
_TMR0                          (abs)        000FD6
_TMR0IE                        (abs)        007F95
_TMR0IF                        (abs)        007F92
_TMR0ON                        (abs)        007EAF
_TRISAbits                     (abs)        000F92
_TRISB0                        (abs)        007C98
_TRISB1                        (abs)        007C99
_TRISBbits                     (abs)        000F93
_TRISCbits                     (abs)        000F94
_TRISD2                        (abs)        007CAA
_TRISD3                        (abs)        007CAB
_TRISDbits                     (abs)        000F95
_TXEN                          (abs)        007D65
_TXIF                          (abs)        007CF4
_TXREG                         (abs)        000FAD
__HRAM                         (abs)        000000
__Habs1                        abs1         000000
__Hbank0                       bank0        000000
__Hbank1                       bank1        000000
__Hbank2                       bank2        000000
__Hbank3                       bank3        000000
__Hbank4                       bank4        000000
__Hbank5                       bank5        000000
__Hbigbss                      bigbss       000000
__Hbigdata                     bigdata      000000
__Hbigram                      bigram       000000
__Hbss                         bss          000000
__HbssCOMRAM                   bssCOMRAM    000000
__Hcinit                       cinit        000000
__Hclrtext                     clrtext      000000
__Hcomram                      comram       000000
__Hconfig                      config       30000E
__Hconst                       const        000000
__HcstackCOMRAM                cstackCOMRAM 000000
__Hdata                        data         000000
__Heeprom_data                 eeprom_data  000000
__Hfarbss                      farbss       000000
__Hfardata                     fardata      000000
__Hibigdata                    ibigdata     000000
__Hidata                       idata        000000
__Hidloc                       idloc        200008
__Hifardata                    ifardata     000000
__Hinit                        init         00002A
__Hintcode                     intcode      00000E
__Hintcode_body                intcode_body 000000
__Hintcodelo                   intcodelo    000026
__Hintentry                    intentry     000000
__Hintret                      intret       000000
__Hintsave_regs                intsave_regs 000000
__Hirdata                      irdata       000000
__Hmediumconst                 mediumconst  000000
__HnvFARRAM                    nvFARRAM     000000
__Hnvbit                       nvbit        000000
__Hnvrram                      nvrram       000000
__Hparam                       rparam       000000
__Hpowerup                     powerup      000026
__Hram                         ram          000000
__Hramtop                      ramtop       000600
__Hrbit                        rbit         000000
__Hrbss                        rbss         000000
__Hrdata                       rdata        000000
__Hreset_vec                   reset_vec    000004
__Hrparam                      rparam       000000
__Hsfr                         sfr          000000
__Hsmallconst                  smallconst   000000
__Hspace_0                     (abs)        000600
__Hspace_1                     (abs)        000012
__Hspace_2                     (abs)        000000
__Hspace_4                     (abs)        60000E
__Hstack                       stack        000000
__Hstruct                      struct       000000
__Htemp                        temp         000012
__Htext                        text         000000
__Htext0                       text0        000000
__Htext1                       text1        000000
__Htext2                       text2        000000
__Htext3                       text3        000000
__Htext6                       text6        000000
__Htext7                       text7        000000
__Htext8                       text8        000000
__LRAM                         (abs)        000001
__Labs1                        abs1         000000
__Lbank0                       bank0        000000
__Lbank1                       bank1        000000
__Lbank2                       bank2        000000
__Lbank3                       bank3        000000
__Lbank4                       bank4        000000
__Lbank5                       bank5        000000
__Lbigbss                      bigbss       000000
__Lbigdata                     bigdata      000000
__Lbigram                      bigram       000000
__Lbss                         bss          000000
__LbssCOMRAM                   bssCOMRAM    000000
__Lcinit                       cinit        000000
__Lclrtext                     clrtext      000000
__Lcomram                      comram       000000
__Lconfig                      config       000000
__Lconst                       const        000000
__LcstackCOMRAM                cstackCOMRAM 000000
__Ldata                        data         000000
__Leeprom_data                 eeprom_data  000000
__Lfarbss                      farbss       000000
__Lfardata                     fardata      000000
__Libigdata                    ibigdata     000000
__Lidata                       idata        000000
__Lidloc                       idloc        000000
__Lifardata                    ifardata     000000
__Linit                        init         000026
__Lintcode                     intcode      000008
__Lintcode_body                intcode_body 000000
__Lintcodelo                   intcodelo    000018
__Lintentry                    intentry     000000
__Lintret                      intret       000000
__Lintsave_regs                intsave_regs 000000
__Lirdata                      irdata       000000
__Lmediumconst                 mediumconst  000000
__LnvFARRAM                    nvFARRAM     000000
__Lnvbit                       nvbit        000000
__Lnvrram                      nvrram       000000
__Lparam                       rparam       000000
__Lpowerup                     powerup      000026
__Lram                         ram          000000
__Lramtop                      ramtop       000600
__Lrbit                        rbit         000000
__Lrbss                        rbss         000000
__Lrdata                       rdata        000000
__Lreset_vec                   reset_vec    000000
__Lrparam                      rparam       000000
__Lsfr                         sfr          000000
__Lsmallconst                  smallconst   000000
__Lspace_0                     (abs)        000000
__Lspace_1                     (abs)        000000
__Lspace_2                     (abs)        000000
__Lspace_4                     (abs)        000000
__Lstack                       stack        000000
__Lstruct                      struct       000000
__Ltemp                        temp         000011
__Ltext                        text         000000
__Ltext0                       text0        000000
__Ltext1                       text1        000000
__Ltext2                       text2        000000
__Ltext3                       text3        000000
__Ltext6                       text6        000000
__Ltext7                       text7        000000
__Ltext8                       text8        000000
__S0                           (abs)        000456
__S1                           (abs)        000012
__S2                           (abs)        000000
__S4                           (abs)        000000
__S5                           (abs)        000000
___inthi_sp                    stack        000000
___intlo_sp                    stack        000000
___param_bank                  (abs)        000000
___rparam_used                 (abs)        000001
___sp                          stack        000000
__accesstop                    (abs)        000060
__activetblptr                 (abs)        000000
__end_of_ConfigureOscillator   text3        000456
__end_of_InitApp               text2        0002C0
__end_of__initialization       cinit        00044A
__end_of_debounce              text8        0003E0
__end_of_debounceLaserBeam     text7        00043E
__end_of_debounceStart         text1        000320
__end_of_debounceVisionSystem  text6        000380
__end_of_high_isr              intcode_body 000182
__end_of_low_isr               intcodelo    000026
__end_of_main                  text0        000254
__initialization               cinit        00043E
__mediumconst                  mediumconst  000000
__pbssCOMRAM                   bssCOMRAM    00000B
__pcinit                       cinit        00043E
__pcstackCOMRAM                cstackCOMRAM 000001
__pintcode                     intcode      000008
__pintcode_body                intcode_body 00002A
__pintcodelo                   intcodelo    000018
__ptext0                       text0        000182
__ptext1                       text1        0002C0
__ptext2                       text2        000254
__ptext3                       text3        000454
__ptext6                       text6        000320
__ptext7                       text7        0003E0
__ptext8                       text8        000380
__ramtop                       ramtop       000600
__size_of_ConfigureOscillator  (abs)        000000
__size_of_InitApp              (abs)        000000
__size_of_debounce             (abs)        000000
__size_of_debounceLaserBeam    (abs)        000000
__size_of_debounceStart        (abs)        000000
__size_of_debounceVisionSystem (abs)        000000
__size_of_high_isr             (abs)        000000
__size_of_low_isr              (abs)        000000
__size_of_main                 (abs)        000000
__smallconst                   smallconst   000000
_debounce                      text8        000380
_debounceLaserBeam             text7        0003E0
_debounceStart                 text1        0002C0
_debounceVisionSystem          text6        000320
_good                          bssCOMRAM    00000B
_high_isr                      intcode      000008
_low_isr                       intcodelo    000018
_main                          text0        000182
_received_char                 bssCOMRAM    00000D
_received_flag                 bssCOMRAM    00000E
_rejects                       bssCOMRAM    000010
_status                        bssCOMRAM    00000C
_totalamount                   bssCOMRAM    00000F
btemp                          temp         000011
debounce@count                 cstackCOMRAM 000002
debounce@state                 cstackCOMRAM 000003
debounceLaserBeam@count        cstackCOMRAM 000003
debounceLaserBeam@state        cstackCOMRAM 000002
debounceStart@count            cstackCOMRAM 000009
debounceStart@state            cstackCOMRAM 00000A
debounceVisionSystem@count     cstackCOMRAM 000002
debounceVisionSystem@state     cstackCOMRAM 000003
end_of_initialization          cinit        00044A
int$flags                      temp         000011
int_func                       intcode_body 00002A
intlevel0                      text         000000
intlevel1                      text         000000
intlevel2                      text         000000
intlevel3                      text         000000
stackhi                        (abs)        0005FF
stacklo                        (abs)        000060
start                          init         000026
start_initialization           cinit        00043E
ttemp5                         temp         000012
ttemp6                         temp         000015
ttemp7                         temp         000019
wtemp8                         temp         000012


FUNCTION INFORMATION:

 *************** function _main *****************
 Defined at:
		line 67 in file "main.c"
 Parameters:    Size  Location     Type
		None
 Auto vars:     Size  Location     Type
		None
 Return value:  Size  Location     Type
                  1    wreg      void 
 Registers used:
		wreg, status,2, status,0, cstack
 Tracked objects:
		On entry : 
		On exit  : 
		Unchanged: 
 Data sizes:     COMRAM   BANK0   BANK1   BANK2   BANK3   BANK4   BANK5
      Params:         0       0       0       0       0       0       0
      Locals:         0       0       0       0       0       0       0
      Temps:          0       0       0       0       0       0       0
      Totals:         0       0       0       0       0       0       0
Total ram usage:        0 bytes
 Hardware stack levels required when called:    4
 This function calls:
		_ConfigureOscillator
		_InitApp
		_debounceStart
 This function is called by:
		Startup code after reset
 This function uses a non-reentrant model


 *************** function _debounceStart *****************
 Defined at:
		line 229 in file "main.c"
 Parameters:    Size  Location     Type
		None
 Auto vars:     Size  Location     Type
  state           1    9[COMRAM] unsigned char 
  count           1    8[COMRAM] unsigned char 
 Return value:  Size  Location     Type
                  1    wreg      unsigned char 
 Registers used:
		wreg, status,2, status,0
 Tracked objects:
		On entry : 
		On exit  : 
		Unchanged: 
 Data sizes:     COMRAM   BANK0   BANK1   BANK2   BANK3   BANK4   BANK5
      Params:         0       0       0       0       0       0       0
      Locals:         2       0       0       0       0       0       0
      Temps:          1       0       0       0       0       0       0
      Totals:         3       0       0       0       0       0       0
Total ram usage:        3 bytes
 Hardware stack levels used:    1
 Hardware stack levels required when called:    3
 This function calls:
		Nothing
 This function is called by:
		_main
 This function uses a non-reentrant model


 *************** function _InitApp *****************
 Defined at:
		line 28 in file "user.c"
 Parameters:    Size  Location     Type
		None
 Auto vars:     Size  Location     Type
		None
 Return value:  Size  Location     Type
                  1    wreg      void 
 Registers used:
		wreg, status,2
 Tracked objects:
		On entry : 
		On exit  : 
		Unchanged: 
 Data sizes:     COMRAM   BANK0   BANK1   BANK2   BANK3   BANK4   BANK5
      Params:         0       0       0       0       0       0       0
      Locals:         0       0       0       0       0       0       0
      Temps:          0       0       0       0       0       0       0
      Totals:         0       0       0       0       0       0       0
Total ram usage:        0 bytes
 Hardware stack levels used:    1
 Hardware stack levels required when called:    3
 This function calls:
		Nothing
 This function is called by:
		_main
 This function uses a non-reentrant model


 *************** function _ConfigureOscillator *****************
 Defined at:
		line 24 in file "system.c"
 Parameters:    Size  Location     Type
		None
 Auto vars:     Size  Location     Type
		None
 Return value:  Size  Location     Type
                  1    wreg      void 
 Registers used:
		None
 Tracked objects:
		On entry : 
		On exit  : 
		Unchanged: 
 Data sizes:     COMRAM   BANK0   BANK1   BANK2   BANK3   BANK4   BANK5
      Params:         0       0       0       0       0       0       0
      Locals:         0       0       0       0       0       0       0
      Temps:          0       0       0       0       0       0       0
      Totals:         0       0       0       0       0       0       0
Total ram usage:        0 bytes
 Hardware stack levels used:    1
 Hardware stack levels required when called:    3
 This function calls:
		Nothing
 This function is called by:
		_main
 This function uses a non-reentrant model


 *************** function _low_isr *****************
 Defined at:
		line 243 in file "interrupts.c"
 Parameters:    Size  Location     Type
		None
 Auto vars:     Size  Location     Type
		None
 Return value:  Size  Location     Type
                  1    wreg      void 
 Registers used:
		None
 Tracked objects:
		On entry : 
		On exit  : 
		Unchanged: 
 Data sizes:     COMRAM   BANK0   BANK1   BANK2   BANK3   BANK4   BANK5
      Params:         0       0       0       0       0       0       0
      Locals:         0       0       0       0       0       0       0
      Temps:          1       0       0       0       0       0       0
      Totals:         1       0       0       0       0       0       0
Total ram usage:        1 bytes
 Hardware stack levels used:    1
 Hardware stack levels required when called:    2
 This function calls:
		Nothing
 This function is called by:
		Interrupt level 1
 This function uses a non-reentrant model


 *************** function _high_isr *****************
 Defined at:
		line 54 in file "interrupts.c"
 Parameters:    Size  Location     Type
		None
 Auto vars:     Size  Location     Type
  status1         1    0        unsigned char 
 Return value:  Size  Location     Type
                  1    wreg      void 
 Registers used:
		wreg, status,2, status,0, cstack
 Tracked objects:
		On entry : 
		On exit  : 
		Unchanged: 
 Data sizes:     COMRAM   BANK0   BANK1   BANK2   BANK3   BANK4   BANK5
      Params:         0       0       0       0       0       0       0
      Locals:         1       0       0       0       0       0       0
      Temps:          2       0       0       0       0       0       0
      Totals:         3       0       0       0       0       0       0
Total ram usage:        3 bytes
 Hardware stack levels used:    1
 Hardware stack levels required when called:    1
 This function calls:
		_debounce
		_debounceLaserBeam
		_debounceVisionSystem
 This function is called by:
		Interrupt level 2
 This function uses a non-reentrant model


 *************** function _debounceVisionSystem *****************
 Defined at:
		line 338 in file "interrupts.c"
 Parameters:    Size  Location     Type
		None
 Auto vars:     Size  Location     Type
  state           1    2[COMRAM] unsigned char 
  count           1    1[COMRAM] unsigned char 
 Return value:  Size  Location     Type
                  1    wreg      unsigned char 
 Registers used:
		wreg, status,2, status,0
 Tracked objects:
		On entry : 
		On exit  : 
		Unchanged: 
 Data sizes:     COMRAM   BANK0   BANK1   BANK2   BANK3   BANK4   BANK5
      Params:         0       0       0       0       0       0       0
      Locals:         2       0       0       0       0       0       0
      Temps:          1       0       0       0       0       0       0
      Totals:         3       0       0       0       0       0       0
Total ram usage:        3 bytes
 Hardware stack levels used:    1
 This function calls:
		Nothing
 This function is called by:
		_high_isr
 This function uses a non-reentrant model


 *************** function _debounceLaserBeam *****************
 Defined at:
		line 310 in file "interrupts.c"
 Parameters:    Size  Location     Type
		None
 Auto vars:     Size  Location     Type
  count           1    2[COMRAM] unsigned char 
  state           1    1[COMRAM] unsigned char 
 Return value:  Size  Location     Type
                  1    wreg      unsigned char 
 Registers used:
		wreg, status,2, status,0
 Tracked objects:
		On entry : 
		On exit  : 
		Unchanged: 
 Data sizes:     COMRAM   BANK0   BANK1   BANK2   BANK3   BANK4   BANK5
      Params:         0       0       0       0       0       0       0
      Locals:         2       0       0       0       0       0       0
      Temps:          1       0       0       0       0       0       0
      Totals:         3       0       0       0       0       0       0
Total ram usage:        3 bytes
 Hardware stack levels used:    1
 This function calls:
		Nothing
 This function is called by:
		_high_isr
 This function uses a non-reentrant model


 *************** function _debounce *****************
 Defined at:
		line 283 in file "interrupts.c"
 Parameters:    Size  Location     Type
		None
 Auto vars:     Size  Location     Type
  state           1    2[COMRAM] unsigned char 
  count           1    1[COMRAM] unsigned char 
 Return value:  Size  Location     Type
                  1    wreg      unsigned char 
 Registers used:
		wreg, status,2, status,0
 Tracked objects:
		On entry : 
		On exit  : 
		Unchanged: 
 Data sizes:     COMRAM   BANK0   BANK1   BANK2   BANK3   BANK4   BANK5
      Params:         0       0       0       0       0       0       0
      Locals:         2       0       0       0       0       0       0
      Temps:          1       0       0       0       0       0       0
      Totals:         3       0       0       0       0       0       0
Total ram usage:        3 bytes
 Hardware stack levels used:    1
 This function calls:
		Nothing
 This function is called by:
		_high_isr
 This function uses a non-reentrant model



MODULE INFORMATION

Module		Function		Class		Link	Load	Size
interrupts.c
		_debounce      		CODE           	0380	0000	96
		_debounceLaserBeam		CODE           	03E0	0000	94
		_high_isr      		CODE           	0008	0000	350
		_debounceVisionSystem		CODE           	0320	0000	96
		_low_isr       		CODE           	0018	0000	14

interrupts.c estimated size: 650

shared
		__initialization		CODE           	043E	0000	12

shared estimated size: 12

user.c
		_InitApp       		CODE           	0254	0000	108

user.c estimated size: 108

main.c
		_debounceStart 		CODE           	02C0	0000	96
		_main          		CODE           	0182	0000	210

main.c estimated size: 306

system.c
		_ConfigureOscillator		CODE           	0454	0000	2

system.c estimated size: 2

